../Src/CortexM4/CortexM4_Core_SysTick.c:18:9:SysTick_Init	24	static
../Src/CortexM4/CortexM4_Core_SysTick.c:50:6:SysTick_DeInit	4	static
../Src/CortexM4/CortexM4_Core_SysTick.c:65:6:SysTick_WaitBlocking	16	static
../Src/CortexM4/CortexM4_Core_SysTick.c:85:6:SysTick_SingleInterval	16	static
../Src/CortexM4/CortexM4_Core_SysTick.c:109:6:SysTick_PeriodicInterval	16	static
../Src/CortexM4/CortexM4_Core_SysTick.c:133:10:SysTick_GetRemainingTicks	16	static
../Src/CortexM4/CortexM4_Core_SysTick.c:145:10:SysTick_GetElapsedTicks	16	static
../Src/CortexM4/CortexM4_Core_SysTick.c:160:6:SysTick_Handler	8	static
