18:33:03 **** Incremental Build of configuration Debug for project Project ****
make -j12 all 
arm-none-eabi-gcc "../Core/Src/main.c" -mcpu=cortex-m3 -std=gnu11 -g3 -DDEBUG -DUSE_HAL_DRIVER -DSTM32F103x6 -c -I../Core/Inc -I../Drivers/STM32F1xx_HAL_Driver/Inc -I../Drivers/STM32F1xx_HAL_Driver/Inc/Legacy -I../Drivers/CMSIS/Device/ST/STM32F1xx/Include -I../Drivers/CMSIS/Include -O0 -ffunction-sections -fdata-sections -Wall -fstack-usage -MMD -MP -MF"Core/Src/main.d" -MT"Core/Src/main.o" --specs=nano.specs -mfloat-abi=soft -mthumb -o "Core/Src/main.o"
arm-none-eabi-gcc -o "Project.elf" @"objects.list"   -mcpu=cortex-m3 -T"D:\Embedded Systems\05_ARM_Records\Records\Records\Released\The Easiest Way to Write and Understand ARM-Based Device Drivers\Lectures\01_BluePill_GPIO\Project\STM32F103C4TX_FLASH.ld" --specs=nosys.specs -Wl,-Map="Project.map" -Wl,--gc-sections -static --specs=nano.specs -mfloat-abi=soft -mthumb -Wl,--start-group -lc -lm -Wl,--end-group
Finished building target: Project.elf
 
arm-none-eabi-size   Project.elf 
arm-none-eabi-objdump -h -S  Project.elf  > "Project.list"
arm-none-eabi-objcopy  -O ihex  Project.elf  "Project.hex"
   text	   data	    bss	    dec	    hex	filename
   5824	     36	   1636	   7496	   1d48	Project.elf
arm-none-eabi-objcopy  -O binary  Project.elf  "Project.bin"
Finished building: default.size.stdout
 
Finished building: Project.hex
Finished building: Project.list
Finished building: Project.bin
 
 
 
